strCmp 0 0 = 0
strCmp 0 1 = -1
strCmp 1 0 = 1
strCmp 3 3 = 0
strCmp 3 3 = -1
strCmp 3 3 = 1
strCmp 2 3 = -1
strCmp 3 2 = 1
strCmp 1 1 = -1
strCmp 1 1 = 1
strIndexFrom [] [] 0 = 0
strIndexFrom [] [abc] 0 = 0
strIndexFrom [] [abc] 3 = 3
strIndexFrom [] [abc] 4 = -1
strIndexFrom [] [abc] -5 = 0
strIndexFrom [a] [] 0 = -1
strIndexFrom [b] [abc] 0 = 1
strIndexFrom [c] [abc] 2 = 2
strIndexFrom [c] [abc] 3 = -1
strIndexFrom [abc] [abc] 0 = 0
strIndexFrom [abcd] [abc] 0 = -1
strIndexFrom [aab] [aaab] 0 = 1
strIndexFrom [ab] [abab] 1 = 2
strIndexFrom [ab] [abab] 3 = -1
strIndexFrom [x] [abc] -2 = -1
strIndexOf = 3 -1
as values: 0
parseInt [] = 0
parseInt [-] = 0
parseInt [0] = 0
parseInt [42] = 42
parseInt [-42] = -42
parseInt [007] = 7
parseInt [12ab] = 12
parseInt [ab12] = 0
parseInt [--3] = 0
parseInt [-0] = 0
parseInt [ 5] = 0
parseInt [9223372036854775807] = -1
parseInt [4611686018427387903] = 4611686018427387903
done
